// Jest Snapshot v1, https://goo.gl/fbAQLP

exports[`WeatherCity renders the UI as expected 1`] = `
<div
  className="card"
  onClick={[Function]}
>
  <div
    className="vertical-border"
  />
  <div
    className="cardDetails"
  >
    <div>
      <img
        alt="weather icon"
        src="../../../assets/undefined"
      />
      <h2 />
    </div>
    <div
      className="weatherDetails"
    >
      <div
        className="weatherDetailsIcon"
      >
        <i
          className="fas fa-thermometer-half"
        />
        <p>
          Temp
        </p>
      </div>
      <p>
         F
      </p>
    </div>
    <div
      className="weatherDetails"
    >
      <div
        className="weatherDetailsIcon"
      >
        <i
          className="fas fa-sun"
        />
        <p>
          UV index
        </p>
      </div>
      <p>
        UV index
      </p>
    </div>
    <div />
  </div>
</div>
`;
